[04:06:12] [ServerMain/INFO]: [bootstrap] Running Java 21 (OpenJDK 64-Bit Server VM 21.0.10+7-Ubuntu-124.04; Ubuntu null) on Linux 6.8.0-1030-azure (amd64)
[04:06:12] [ServerMain/INFO]: [bootstrap] Loading Paper 1.21.1-57-master@b483da4 (2024-09-01T18:09:05Z) for Minecraft 1.21.1
[04:06:12] [ServerMain/INFO]: [PluginInitializerManager] Initializing plugins...
[04:06:13] [ServerMain/INFO]: [PluginInitializerManager] Initialized 0 plugins
[04:06:14] [Paper Plugin Remapper Thread - 0/INFO]: [ReobfServer] Remapping server...
[04:06:19] [ServerMain/INFO]: Environment: Environment[sessionHost=https://sessionserver.mojang.com, servicesHost=https://api.minecraftservices.com, name=PROD]
[04:06:19] [ServerMain/INFO]: Found new data pack file/bukkit, loading it automatically
[04:06:19] [ServerMain/INFO]: Found new data pack paper, loading it automatically
[04:06:20] [ServerMain/INFO]: No existing world data, creating new world
[04:06:22] [ServerMain/INFO]: Loaded 1290 recipes
[04:06:22] [ServerMain/INFO]: Loaded 1399 advancements
[04:06:23] [Server thread/INFO]: Starting minecraft server version 1.21.1
[04:06:23] [Server thread/INFO]: Loading properties
[04:06:23] [Server thread/INFO]: This server is running Paper version 1.21.1-57-master@b483da4 (2024-09-01T18:09:05Z) (Implementing API version 1.21.1-R0.1-SNAPSHOT)
[04:06:23] [Paper Plugin Remapper Thread - 0/INFO]: [ReobfServer] Done remapping server in 9296ms.
[04:06:24] [Server thread/INFO]: [spark] This server bundles the spark profiler. For more information please visit https://docs.papermc.io/paper/profiling
[04:06:24] [Server thread/INFO]: Server Ping Player Sample Count: 12
[04:06:24] [Server thread/INFO]: Using 4 threads for Netty based IO
[04:06:24] [Server thread/INFO]: [ChunkTaskScheduler] Chunk system is using 1 I/O threads, 1 worker threads, and population gen parallelism of 1 threads
[04:06:25] [Server thread/INFO]: Default game type: SURVIVAL
[04:06:25] [Server thread/INFO]: Generating keypair
[04:06:25] [Server thread/INFO]: Starting Minecraft server on *:25565
[04:06:25] [Server thread/INFO]: Using epoll channel type
[04:06:25] [Server thread/INFO]: Paper: Using libdeflate (Linux x86_64) compression from Velocity.
[04:06:25] [Server thread/INFO]: Paper: Using OpenSSL 3.0.x (Linux x86_64) cipher from Velocity.
[04:06:25] [Server thread/WARN]: **** SERVER IS RUNNING IN OFFLINE/INSECURE MODE!
[04:06:25] [Server thread/WARN]: The server will make no attempt to authenticate usernames. Beware.
[04:06:25] [Server thread/WARN]: While this makes the game possible to play without internet access, it also opens up the ability for hackers to connect with any username they choose.
[04:06:25] [Server thread/WARN]: To change this, set "online-mode" to "true" in the server.properties file.
[04:06:25] [Server thread/INFO]: Preparing level "world"
[04:06:37] [Server thread/INFO]: Preparing start region for dimension minecraft:overworld
[04:06:42] [Server thread/INFO]: Time elapsed: 5737 ms
[04:06:42] [Server thread/INFO]: Preparing start region for dimension minecraft:the_nether
[04:06:44] [Server thread/INFO]: Time elapsed: 1972 ms
[04:06:44] [Server thread/INFO]: Preparing start region for dimension minecraft:the_end
[04:06:45] [Server thread/INFO]: Time elapsed: 732 ms
[04:06:45] [Server thread/INFO]: [spark] Starting background profiler...
[04:06:46] [Server thread/INFO]: Done preparing level "world" (20.902s)
[04:06:46] [Server thread/INFO]: Running delayed init tasks
[04:06:46] [Server thread/INFO]: Done (34.088s)! For help, type "help"
[04:06:46] [Server thread/INFO]: *************************************************************************************
[04:06:46] [Server thread/INFO]: This is the first time you're starting this server.
[04:06:46] [Server thread/INFO]: It's recommended you read our 'Getting Started' documentation for guidance.
[04:06:46] [Server thread/INFO]: View this and more helpful information here: https://docs.papermc.io/paper/next-steps
[04:06:46] [Server thread/INFO]: *************************************************************************************
[04:06:46] [Server thread/INFO]: Timings Reset
